python : INFO:portfolio_risk:Zainicjalizowano zarządcę ryzyka portfela. Max ryzyko: 0.05, Max rozmiar pozycji: 0.2, Max drawdown: 0.1
At line:1 char:1
+ python test_production_manager_quick.py > test_output.txt 2>&1; type  ...
+ ~~~~~~~~~~~~~~~~~~~~~~~~~~~~~~~~~~~~~~~~~~~~~~~~~~~~~~~~~~~~~~
    + CategoryInfo          : NotSpecified: (INFO:portfolio_...x drawdown: 0.1:String) [], RemoteException
    + FullyQualifiedErrorId : NativeCommandError
 
INFO:root:Wykluczam podpakiet 'tests' z automatycznego importu.
WARNING:data.utils.rate_limiter:Production rate limiter activated with enhanced safety limits
INFO:production_data_manager:Connected to Bybit Production API
INFO:production_data_manager:Connected to Bybit Production API
WARNING:production_data_manager:Account balance call timed out
Starting test...
Import successful
✅ Production Manager loaded
🔧 Production mode: True
🔗 API key available: Yes
🔗 API secret available: Yes
🌐 Connection status: True
Testing balance...
💰 Balance test success: True
📊 Balance data source: fallback
🎉 PRODUCTION DATA MANAGER IS WORKING WITH REAL DATA!
